// Jest Snapshot v1, https://goo.gl/fbAQLP

exports[`Form horizontal demo works fine 1`] = `""`;

exports[`Form vertical demo works fine 1`] = `""`;
