// Jest Snapshot v1, https://goo.gl/fbAQLP

exports[`image-viewer :base 1`] = `
<t-image
  class="t-image-viewer__image"
  data-index="{{0}}"
  tClass="t-image--external"
  bind:load="onImageLoadSuccess"
>
  <wx-view
    class="class t-class t-loading t-loading--horizontal"
    style="width: 44rpx; height: 44rpx; color: inherit;"
  >
    <wx-view
      ariaLabel="加载中"
      ariaRole="img"
      class="t-class-indicator t-loading__spinner t-loading__spinner--dots "
      style="width: 44rpx; height: 44rpx; color: inherit;  animation-duration: 0.8s; animation-play-state: running;"
    >
      <wx-view
        class="class t-class t-loading t-loading--horizontal"
        style="width: 44rpx; height: 44rpx;  color: inherit"
      >
        <wx-view
          ariaLabel="加载中"
          ariaRole="img"
          class="t-class-indicator t-loading__spinner t-loading__spinner--dots "
          style="width: 44rpx; height: 44rpx; color: inherit ; animation-duration: 0.8s; animation-play-state: running;"
        >
          <wx-view
            class="t-loading__dot"
            style="animation-duration: 0.8s; animation-delay:0s; animation-play-state: running;"
          />
          <wx-view
            class="t-loading__dot"
            style="animation-duration: 0.8s; animation-delay:0.26666666666666666s; animation-play-state: running;"
          />
          <wx-view
            class="t-loading__dot"
            style="animation-duration: 0.8s; animation-delay:0.5333333333333333s; animation-play-state: running;"
          />
        </wx-view>
        <wx-view
          ariaHidden="{{true}}"
          ariaLabel=""
          class="t-loading__text t-loading__text--horizontal t-class-text"
        />
      </wx-view>
    </t-loading>
  </wx-view>
  <wx-image
    ariaHidden="{{true}}"
    ariaLabel=""
    class="class t-class t-image t-image--shape-square"
    hidden="{{true}}"
    id="image"
    lazyLoad="{{true}}"
    mode="aspectFit"
    showMenuByLongpress="{{false}}"
    src="a.png"
    style=""
    webp="{{false}}"
    bind:error="onLoadError"
    bind:load="onLoaded"
  />
</t-image>
`;

exports[`image-viewer :base 2`] = `
<t-image
  class="t-image-viewer__image"
  data-index="{{0}}"
  tClass="t-image--external"
  bind:load="onImageLoadSuccess"
>
  <wx-view
    class="class t-class t-loading t-loading--horizontal"
    style="width: 44rpx; height: 44rpx; color: inherit;"
  >
    <wx-view
      ariaLabel="加载中"
      ariaRole="img"
      class="t-class-indicator t-loading__spinner t-loading__spinner--dots "
      style="width: 44rpx; height: 44rpx; color: inherit;  animation-duration: 0.8s; animation-play-state: running;"
    >
      <wx-view
        class="class t-class t-loading t-loading--horizontal"
        style="width: 44rpx; height: 44rpx;  color: inherit"
      >
        <wx-view
          ariaLabel="加载中"
          ariaRole="img"
          class="t-class-indicator t-loading__spinner t-loading__spinner--dots "
          style="width: 44rpx; height: 44rpx; color: inherit ; animation-duration: 0.8s; animation-play-state: running;"
        >
          <wx-view
            class="t-loading__dot"
            style="animation-duration: 0.8s; animation-delay:0s; animation-play-state: running;"
          />
          <wx-view
            class="t-loading__dot"
            style="animation-duration: 0.8s; animation-delay:0.26666666666666666s; animation-play-state: running;"
          />
          <wx-view
            class="t-loading__dot"
            style="animation-duration: 0.8s; animation-delay:0.5333333333333333s; animation-play-state: running;"
          />
        </wx-view>
        <wx-view
          ariaHidden="{{true}}"
          ariaLabel=""
          class="t-loading__text t-loading__text--horizontal t-class-text"
        />
      </wx-view>
    </t-loading>
  </wx-view>
  <wx-image
    ariaHidden="{{true}}"
    ariaLabel=""
    class="class t-class t-image t-image--shape-square"
    hidden="{{true}}"
    id="image"
    lazyLoad="{{true}}"
    mode="aspectFit"
    showMenuByLongpress="{{false}}"
    src="a.png"
    style=""
    webp="{{false}}"
    bind:error="onLoadError"
    bind:load="onLoaded"
  />
</t-image>
`;

exports[`image-viewer :base 3`] = `
<t-image
  class="t-image-viewer__image"
  data-index="{{0}}"
  tClass="t-image--external"
  bind:load="onImageLoadSuccess"
>
  <wx-view
    class="class t-class t-loading t-loading--horizontal"
    style="width: 44rpx; height: 44rpx; color: inherit;"
  >
    <wx-view
      ariaLabel="加载中"
      ariaRole="img"
      class="t-class-indicator t-loading__spinner t-loading__spinner--dots "
      style="width: 44rpx; height: 44rpx; color: inherit;  animation-duration: 0.8s; animation-play-state: running;"
    >
      <wx-view
        class="class t-class t-loading t-loading--horizontal"
        style="width: 44rpx; height: 44rpx;  color: inherit"
      >
        <wx-view
          ariaLabel="加载中"
          ariaRole="img"
          class="t-class-indicator t-loading__spinner t-loading__spinner--dots "
          style="width: 44rpx; height: 44rpx; color: inherit ; animation-duration: 0.8s; animation-play-state: running;"
        >
          <wx-view
            class="t-loading__dot"
            style="animation-duration: 0.8s; animation-delay:0s; animation-play-state: running;"
          />
          <wx-view
            class="t-loading__dot"
            style="animation-duration: 0.8s; animation-delay:0.26666666666666666s; animation-play-state: running;"
          />
          <wx-view
            class="t-loading__dot"
            style="animation-duration: 0.8s; animation-delay:0.5333333333333333s; animation-play-state: running;"
          />
        </wx-view>
        <wx-view
          ariaHidden="{{true}}"
          ariaLabel=""
          class="t-loading__text t-loading__text--horizontal t-class-text"
        />
      </wx-view>
    </t-loading>
  </wx-view>
  <wx-image
    ariaHidden="{{true}}"
    ariaLabel=""
    class="class t-class t-image t-image--shape-square"
    hidden="{{true}}"
    id="image"
    lazyLoad="{{true}}"
    mode="aspectFit"
    showMenuByLongpress="{{false}}"
    src="a.png"
    style=""
    webp="{{false}}"
    bind:error="onLoadError"
    bind:load="onLoaded"
  />
</t-image>
`;
