// Jest Snapshot v1, https://goo.gl/fbAQLP

exports[`SideBar SideBar base demo works fine 1`] = `
<base>
  <wx-view
    class="side-bar-wrapper"
  >
    <t-side-bar
      value="{{0}}"
      bind:change="onSideBarChange"
    >
      <t-side-bar-item
        badgeProps=""
        label="选项选项"
        value="{{0}}"
      />
      <t-side-bar-item
        badgeProps="{{
          Object {
            "dot": true,
          }
        }}"
        label="选项"
        value="{{1}}"
      />
      <t-side-bar-item
        badgeProps=""
        label="选项"
        value="{{2}}"
      />
      <t-side-bar-item
        badgeProps="{{
          Object {
            "count": 6,
          }
        }}"
        label="选项"
        value="{{3}}"
      />
      <t-side-bar-item
        badgeProps=""
        label="选项"
        value="{{4}}"
      />
    </t-side-bar>
    <wx-scroll-view
      class="content"
      scrollTop="{{0}}"
      scrollWithAnimation="{{true}}"
      scrollY="{{true}}"
      bind:scroll="onScroll"
    >
      <wx-view
        class="section"
      >
        <wx-view
          class="title"
        >
          标题
        </wx-view>
        <t-grid
          border="{{false}}"
          column="{{3}}"
        >
          <t-grid-item
            image="https://tdesign.gtimg.com/mobile/%E5%9B%BE%E7%89%87.png"
            imageProps="{{
              Object {
                "lazy": true,
                "shape": "round",
              }
            }}"
            text="标题文字"
          />
          <t-grid-item
            image="https://tdesign.gtimg.com/mobile/%E5%9B%BE%E7%89%87.png"
            imageProps="{{
              Object {
                "lazy": true,
                "shape": "round",
              }
            }}"
            text="标题文字"
          />
          <t-grid-item
            image="https://tdesign.gtimg.com/mobile/%E5%9B%BE%E7%89%87.png"
            imageProps="{{
              Object {
                "lazy": true,
                "shape": "round",
              }
            }}"
            text="标题文字"
          />
          <t-grid-item
            image="https://tdesign.gtimg.com/mobile/%E5%9B%BE%E7%89%87.png"
            imageProps="{{
              Object {
                "lazy": true,
                "shape": "round",
              }
            }}"
            text="标题文字"
          />
          <t-grid-item
            image="https://tdesign.gtimg.com/mobile/%E5%9B%BE%E7%89%87.png"
            imageProps="{{
              Object {
                "lazy": true,
                "shape": "round",
              }
            }}"
            text="标题文字"
          />
          <t-grid-item
            image="https://tdesign.gtimg.com/mobile/%E5%9B%BE%E7%89%87.png"
            imageProps="{{
              Object {
                "lazy": true,
                "shape": "round",
              }
            }}"
            text="标题文字"
          />
          <t-grid-item
            image="https://tdesign.gtimg.com/mobile/%E5%9B%BE%E7%89%87.png"
            imageProps="{{
              Object {
                "lazy": true,
                "shape": "round",
              }
            }}"
            text="标题文字"
          />
          <t-grid-item
            image="https://tdesign.gtimg.com/mobile/%E5%9B%BE%E7%89%87.png"
            imageProps="{{
              Object {
                "lazy": true,
                "shape": "round",
              }
            }}"
            text="标题文字"
          />
          <t-grid-item
            image="https://tdesign.gtimg.com/mobile/%E5%9B%BE%E7%89%87.png"
            imageProps="{{
              Object {
                "lazy": true,
                "shape": "round",
              }
            }}"
            text="标题文字"
          />
          <t-grid-item
            image="https://tdesign.gtimg.com/mobile/%E5%9B%BE%E7%89%87.png"
            imageProps="{{
              Object {
                "lazy": true,
                "shape": "round",
              }
            }}"
            text="标题文字"
          />
          <t-grid-item
            image="https://tdesign.gtimg.com/mobile/%E5%9B%BE%E7%89%87.png"
            imageProps="{{
              Object {
                "lazy": true,
                "shape": "round",
              }
            }}"
            text="标题文字"
          />
          <t-grid-item
            image="https://tdesign.gtimg.com/mobile/%E5%9B%BE%E7%89%87.png"
            imageProps="{{
              Object {
                "lazy": true,
                "shape": "round",
              }
            }}"
            text="标题文字"
          />
        </t-grid>
      </wx-view>
      <wx-view
        class="section"
      >
        <wx-view
          class="title"
        >
          标题
        </wx-view>
        <t-grid
          border="{{false}}"
          column="{{3}}"
        >
          <t-grid-item
            image="https://tdesign.gtimg.com/mobile/%E5%9B%BE%E7%89%87.png"
            imageProps="{{
              Object {
                "lazy": true,
                "shape": "round",
              }
            }}"
            text="标题文字"
          />
          <t-grid-item
            image="https://tdesign.gtimg.com/mobile/%E5%9B%BE%E7%89%87.png"
            imageProps="{{
              Object {
                "lazy": true,
                "shape": "round",
              }
            }}"
            text="标题文字"
          />
          <t-grid-item
            image="https://tdesign.gtimg.com/mobile/%E5%9B%BE%E7%89%87.png"
            imageProps="{{
              Object {
                "lazy": true,
                "shape": "round",
              }
            }}"
            text="标题文字"
          />
          <t-grid-item
            image="https://tdesign.gtimg.com/mobile/%E5%9B%BE%E7%89%87.png"
            imageProps="{{
              Object {
                "lazy": true,
                "shape": "round",
              }
            }}"
            text="标题文字"
          />
          <t-grid-item
            image="https://tdesign.gtimg.com/mobile/%E5%9B%BE%E7%89%87.png"
            imageProps="{{
              Object {
                "lazy": true,
                "shape": "round",
              }
            }}"
            text="标题文字"
          />
          <t-grid-item
            image="https://tdesign.gtimg.com/mobile/%E5%9B%BE%E7%89%87.png"
            imageProps="{{
              Object {
                "lazy": true,
                "shape": "round",
              }
            }}"
            text="标题文字"
          />
          <t-grid-item
            image="https://tdesign.gtimg.com/mobile/%E5%9B%BE%E7%89%87.png"
            imageProps="{{
              Object {
                "lazy": true,
                "shape": "round",
              }
            }}"
            text="标题文字"
          />
          <t-grid-item
            image="https://tdesign.gtimg.com/mobile/%E5%9B%BE%E7%89%87.png"
            imageProps="{{
              Object {
                "lazy": true,
                "shape": "round",
              }
            }}"
            text="标题文字"
          />
          <t-grid-item
            image="https://tdesign.gtimg.com/mobile/%E5%9B%BE%E7%89%87.png"
            imageProps="{{
              Object {
                "lazy": true,
                "shape": "round",
              }
            }}"
            text="标题文字"
          />
        </t-grid>
      </wx-view>
      <wx-view
        class="section"
      >
        <wx-view
          class="title"
        >
          标题
        </wx-view>
        <t-grid
          border="{{false}}"
          column="{{3}}"
        >
          <t-grid-item
            image="https://tdesign.gtimg.com/mobile/%E5%9B%BE%E7%89%87.png"
            imageProps="{{
              Object {
                "lazy": true,
                "shape": "round",
              }
            }}"
            text="标题文字"
          />
          <t-grid-item
            image="https://tdesign.gtimg.com/mobile/%E5%9B%BE%E7%89%87.png"
            imageProps="{{
              Object {
                "lazy": true,
                "shape": "round",
              }
            }}"
            text="标题文字"
          />
          <t-grid-item
            image="https://tdesign.gtimg.com/mobile/%E5%9B%BE%E7%89%87.png"
            imageProps="{{
              Object {
                "lazy": true,
                "shape": "round",
              }
            }}"
            text="标题文字"
          />
          <t-grid-item
            image="https://tdesign.gtimg.com/mobile/%E5%9B%BE%E7%89%87.png"
            imageProps="{{
              Object {
                "lazy": true,
                "shape": "round",
              }
            }}"
            text="标题文字"
          />
          <t-grid-item
            image="https://tdesign.gtimg.com/mobile/%E5%9B%BE%E7%89%87.png"
            imageProps="{{
              Object {
                "lazy": true,
                "shape": "round",
              }
            }}"
            text="标题文字"
          />
          <t-grid-item
            image="https://tdesign.gtimg.com/mobile/%E5%9B%BE%E7%89%87.png"
            imageProps="{{
              Object {
                "lazy": true,
                "shape": "round",
              }
            }}"
            text="标题文字"
          />
          <t-grid-item
            image="https://tdesign.gtimg.com/mobile/%E5%9B%BE%E7%89%87.png"
            imageProps="{{
              Object {
                "lazy": true,
                "shape": "round",
              }
            }}"
            text="标题文字"
          />
          <t-grid-item
            image="https://tdesign.gtimg.com/mobile/%E5%9B%BE%E7%89%87.png"
            imageProps="{{
              Object {
                "lazy": true,
                "shape": "round",
              }
            }}"
            text="标题文字"
          />
          <t-grid-item
            image="https://tdesign.gtimg.com/mobile/%E5%9B%BE%E7%89%87.png"
            imageProps="{{
              Object {
                "lazy": true,
                "shape": "round",
              }
            }}"
            text="标题文字"
          />
        </t-grid>
      </wx-view>
      <wx-view
        class="section"
      >
        <wx-view
          class="title"
        >
          标题
        </wx-view>
        <t-grid
          border="{{false}}"
          column="{{3}}"
        >
          <t-grid-item
            image="https://tdesign.gtimg.com/mobile/%E5%9B%BE%E7%89%87.png"
            imageProps="{{
              Object {
                "lazy": true,
                "shape": "round",
              }
            }}"
            text="标题文字"
          />
          <t-grid-item
            image="https://tdesign.gtimg.com/mobile/%E5%9B%BE%E7%89%87.png"
            imageProps="{{
              Object {
                "lazy": true,
                "shape": "round",
              }
            }}"
            text="标题文字"
          />
          <t-grid-item
            image="https://tdesign.gtimg.com/mobile/%E5%9B%BE%E7%89%87.png"
            imageProps="{{
              Object {
                "lazy": true,
                "shape": "round",
              }
            }}"
            text="标题文字"
          />
          <t-grid-item
            image="https://tdesign.gtimg.com/mobile/%E5%9B%BE%E7%89%87.png"
            imageProps="{{
              Object {
                "lazy": true,
                "shape": "round",
              }
            }}"
            text="标题文字"
          />
          <t-grid-item
            image="https://tdesign.gtimg.com/mobile/%E5%9B%BE%E7%89%87.png"
            imageProps="{{
              Object {
                "lazy": true,
                "shape": "round",
              }
            }}"
            text="标题文字"
          />
          <t-grid-item
            image="https://tdesign.gtimg.com/mobile/%E5%9B%BE%E7%89%87.png"
            imageProps="{{
              Object {
                "lazy": true,
                "shape": "round",
              }
            }}"
            text="标题文字"
          />
        </t-grid>
      </wx-view>
      <wx-view
        class="section"
      >
        <wx-view
          class="title"
        >
          标题
        </wx-view>
        <t-grid
          border="{{false}}"
          column="{{3}}"
        >
          <t-grid-item
            image="https://tdesign.gtimg.com/mobile/%E5%9B%BE%E7%89%87.png"
            imageProps="{{
              Object {
                "lazy": true,
                "shape": "round",
              }
            }}"
            text="标题文字"
          />
          <t-grid-item
            image="https://tdesign.gtimg.com/mobile/%E5%9B%BE%E7%89%87.png"
            imageProps="{{
              Object {
                "lazy": true,
                "shape": "round",
              }
            }}"
            text="标题文字"
          />
          <t-grid-item
            image="https://tdesign.gtimg.com/mobile/%E5%9B%BE%E7%89%87.png"
            imageProps="{{
              Object {
                "lazy": true,
                "shape": "round",
              }
            }}"
            text="标题文字"
          />
        </t-grid>
      </wx-view>
    </wx-scroll-view>
  </wx-view>
</base>
`;

exports[`SideBar SideBar switch demo works fine 1`] = `
<wx-switch>
  <wx-view
    class="side-bar-wrapper"
  >
    <t-side-bar
      value="{{0}}"
      bind:change="onSideBarChange"
    >
      <t-side-bar-item
        badgeProps=""
        disabled=""
        label="选项"
        value="{{0}}"
      />
      <t-side-bar-item
        badgeProps="{{
          Object {
            "dot": true,
          }
        }}"
        disabled=""
        label="选项"
        value="{{1}}"
      />
      <t-side-bar-item
        badgeProps=""
        disabled="{{true}}"
        label="选项"
        value="{{2}}"
      />
      <t-side-bar-item
        badgeProps="{{
          Object {
            "count": 8,
          }
        }}"
        disabled=""
        label="选项"
        value="{{3}}"
      />
      <t-side-bar-item
        badgeProps=""
        disabled=""
        label="选项"
        value="{{4}}"
      />
    </t-side-bar>
    <wx-view
      class="content"
      style="transform: translateY(-0%)"
    >
      <wx-scroll-view
        class="section"
        scrollWithAnimation="{{true}}"
        scrollY="{{true}}"
        showScrollbar="{{false}}"
      >
        <wx-view
          class="title"
        >
          标题
        </wx-view>
        <t-cell-group>
          <t-cell
            title="标题文字0"
          >
            <t-image
              lazy="{{true}}"
              shape="round"
              slot="image"
              src="https://tdesign.gtimg.com/mobile/%E5%9B%BE%E7%89%87.png"
              tClass="image"
            />
          </t-cell>
          <t-cell
            title="标题文字1"
          >
            <t-image
              lazy="{{true}}"
              shape="round"
              slot="image"
              src="https://tdesign.gtimg.com/mobile/%E5%9B%BE%E7%89%87.png"
              tClass="image"
            />
          </t-cell>
          <t-cell
            title="标题文字2"
          >
            <t-image
              lazy="{{true}}"
              shape="round"
              slot="image"
              src="https://tdesign.gtimg.com/mobile/%E5%9B%BE%E7%89%87.png"
              tClass="image"
            />
          </t-cell>
          <t-cell
            title="标题文字3"
          >
            <t-image
              lazy="{{true}}"
              shape="round"
              slot="image"
              src="https://tdesign.gtimg.com/mobile/%E5%9B%BE%E7%89%87.png"
              tClass="image"
            />
          </t-cell>
          <t-cell
            title="标题文字4"
          >
            <t-image
              lazy="{{true}}"
              shape="round"
              slot="image"
              src="https://tdesign.gtimg.com/mobile/%E5%9B%BE%E7%89%87.png"
              tClass="image"
            />
          </t-cell>
          <t-cell
            title="标题文字5"
          >
            <t-image
              lazy="{{true}}"
              shape="round"
              slot="image"
              src="https://tdesign.gtimg.com/mobile/%E5%9B%BE%E7%89%87.png"
              tClass="image"
            />
          </t-cell>
          <t-cell
            title="标题文字6"
          >
            <t-image
              lazy="{{true}}"
              shape="round"
              slot="image"
              src="https://tdesign.gtimg.com/mobile/%E5%9B%BE%E7%89%87.png"
              tClass="image"
            />
          </t-cell>
          <t-cell
            title="标题文字7"
          >
            <t-image
              lazy="{{true}}"
              shape="round"
              slot="image"
              src="https://tdesign.gtimg.com/mobile/%E5%9B%BE%E7%89%87.png"
              tClass="image"
            />
          </t-cell>
          <t-cell
            title="标题文字8"
          >
            <t-image
              lazy="{{true}}"
              shape="round"
              slot="image"
              src="https://tdesign.gtimg.com/mobile/%E5%9B%BE%E7%89%87.png"
              tClass="image"
            />
          </t-cell>
          <t-cell
            title="标题文字9"
          >
            <t-image
              lazy="{{true}}"
              shape="round"
              slot="image"
              src="https://tdesign.gtimg.com/mobile/%E5%9B%BE%E7%89%87.png"
              tClass="image"
            />
          </t-cell>
          <t-cell
            title="标题文字10"
          >
            <t-image
              lazy="{{true}}"
              shape="round"
              slot="image"
              src="https://tdesign.gtimg.com/mobile/%E5%9B%BE%E7%89%87.png"
              tClass="image"
            />
          </t-cell>
          <t-cell
            title="标题文字11"
          >
            <t-image
              lazy="{{true}}"
              shape="round"
              slot="image"
              src="https://tdesign.gtimg.com/mobile/%E5%9B%BE%E7%89%87.png"
              tClass="image"
            />
          </t-cell>
        </t-cell-group>
      </wx-scroll-view>
      <wx-scroll-view
        class="section"
        scrollWithAnimation="{{true}}"
        scrollY="{{true}}"
        showScrollbar="{{false}}"
      >
        <wx-view
          class="title"
        >
          标题
        </wx-view>
        <t-cell-group>
          <t-cell
            title="标题文字0"
          >
            <t-image
              lazy="{{true}}"
              shape="round"
              slot="image"
              src="https://tdesign.gtimg.com/mobile/%E5%9B%BE%E7%89%87.png"
              tClass="image"
            />
          </t-cell>
          <t-cell
            title="标题文字1"
          >
            <t-image
              lazy="{{true}}"
              shape="round"
              slot="image"
              src="https://tdesign.gtimg.com/mobile/%E5%9B%BE%E7%89%87.png"
              tClass="image"
            />
          </t-cell>
          <t-cell
            title="标题文字2"
          >
            <t-image
              lazy="{{true}}"
              shape="round"
              slot="image"
              src="https://tdesign.gtimg.com/mobile/%E5%9B%BE%E7%89%87.png"
              tClass="image"
            />
          </t-cell>
          <t-cell
            title="标题文字3"
          >
            <t-image
              lazy="{{true}}"
              shape="round"
              slot="image"
              src="https://tdesign.gtimg.com/mobile/%E5%9B%BE%E7%89%87.png"
              tClass="image"
            />
          </t-cell>
          <t-cell
            title="标题文字4"
          >
            <t-image
              lazy="{{true}}"
              shape="round"
              slot="image"
              src="https://tdesign.gtimg.com/mobile/%E5%9B%BE%E7%89%87.png"
              tClass="image"
            />
          </t-cell>
          <t-cell
            title="标题文字5"
          >
            <t-image
              lazy="{{true}}"
              shape="round"
              slot="image"
              src="https://tdesign.gtimg.com/mobile/%E5%9B%BE%E7%89%87.png"
              tClass="image"
            />
          </t-cell>
          <t-cell
            title="标题文字6"
          >
            <t-image
              lazy="{{true}}"
              shape="round"
              slot="image"
              src="https://tdesign.gtimg.com/mobile/%E5%9B%BE%E7%89%87.png"
              tClass="image"
            />
          </t-cell>
          <t-cell
            title="标题文字7"
          >
            <t-image
              lazy="{{true}}"
              shape="round"
              slot="image"
              src="https://tdesign.gtimg.com/mobile/%E5%9B%BE%E7%89%87.png"
              tClass="image"
            />
          </t-cell>
          <t-cell
            title="标题文字8"
          >
            <t-image
              lazy="{{true}}"
              shape="round"
              slot="image"
              src="https://tdesign.gtimg.com/mobile/%E5%9B%BE%E7%89%87.png"
              tClass="image"
            />
          </t-cell>
          <t-cell
            title="标题文字9"
          >
            <t-image
              lazy="{{true}}"
              shape="round"
              slot="image"
              src="https://tdesign.gtimg.com/mobile/%E5%9B%BE%E7%89%87.png"
              tClass="image"
            />
          </t-cell>
        </t-cell-group>
      </wx-scroll-view>
      <wx-scroll-view
        class="section"
        scrollWithAnimation="{{true}}"
        scrollY="{{true}}"
        showScrollbar="{{false}}"
      >
        <wx-view
          class="title"
        >
          标题
        </wx-view>
        <t-cell-group />
      </wx-scroll-view>
      <wx-scroll-view
        class="section"
        scrollWithAnimation="{{true}}"
        scrollY="{{true}}"
        showScrollbar="{{false}}"
      >
        <wx-view
          class="title"
        >
          标题
        </wx-view>
        <t-cell-group>
          <t-cell
            title="标题文字0"
          >
            <t-image
              lazy="{{true}}"
              shape="round"
              slot="image"
              src="https://tdesign.gtimg.com/mobile/%E5%9B%BE%E7%89%87.png"
              tClass="image"
            />
          </t-cell>
          <t-cell
            title="标题文字1"
          >
            <t-image
              lazy="{{true}}"
              shape="round"
              slot="image"
              src="https://tdesign.gtimg.com/mobile/%E5%9B%BE%E7%89%87.png"
              tClass="image"
            />
          </t-cell>
          <t-cell
            title="标题文字2"
          >
            <t-image
              lazy="{{true}}"
              shape="round"
              slot="image"
              src="https://tdesign.gtimg.com/mobile/%E5%9B%BE%E7%89%87.png"
              tClass="image"
            />
          </t-cell>
          <t-cell
            title="标题文字3"
          >
            <t-image
              lazy="{{true}}"
              shape="round"
              slot="image"
              src="https://tdesign.gtimg.com/mobile/%E5%9B%BE%E7%89%87.png"
              tClass="image"
            />
          </t-cell>
          <t-cell
            title="标题文字4"
          >
            <t-image
              lazy="{{true}}"
              shape="round"
              slot="image"
              src="https://tdesign.gtimg.com/mobile/%E5%9B%BE%E7%89%87.png"
              tClass="image"
            />
          </t-cell>
          <t-cell
            title="标题文字5"
          >
            <t-image
              lazy="{{true}}"
              shape="round"
              slot="image"
              src="https://tdesign.gtimg.com/mobile/%E5%9B%BE%E7%89%87.png"
              tClass="image"
            />
          </t-cell>
          <t-cell
            title="标题文字6"
          >
            <t-image
              lazy="{{true}}"
              shape="round"
              slot="image"
              src="https://tdesign.gtimg.com/mobile/%E5%9B%BE%E7%89%87.png"
              tClass="image"
            />
          </t-cell>
          <t-cell
            title="标题文字7"
          >
            <t-image
              lazy="{{true}}"
              shape="round"
              slot="image"
              src="https://tdesign.gtimg.com/mobile/%E5%9B%BE%E7%89%87.png"
              tClass="image"
            />
          </t-cell>
        </t-cell-group>
      </wx-scroll-view>
      <wx-scroll-view
        class="section"
        scrollWithAnimation="{{true}}"
        scrollY="{{true}}"
        showScrollbar="{{false}}"
      >
        <wx-view
          class="title"
        >
          标题
        </wx-view>
        <t-cell-group>
          <t-cell
            title="标题文字0"
          >
            <t-image
              lazy="{{true}}"
              shape="round"
              slot="image"
              src="https://tdesign.gtimg.com/mobile/%E5%9B%BE%E7%89%87.png"
              tClass="image"
            />
          </t-cell>
          <t-cell
            title="标题文字1"
          >
            <t-image
              lazy="{{true}}"
              shape="round"
              slot="image"
              src="https://tdesign.gtimg.com/mobile/%E5%9B%BE%E7%89%87.png"
              tClass="image"
            />
          </t-cell>
          <t-cell
            title="标题文字2"
          >
            <t-image
              lazy="{{true}}"
              shape="round"
              slot="image"
              src="https://tdesign.gtimg.com/mobile/%E5%9B%BE%E7%89%87.png"
              tClass="image"
            />
          </t-cell>
          <t-cell
            title="标题文字3"
          >
            <t-image
              lazy="{{true}}"
              shape="round"
              slot="image"
              src="https://tdesign.gtimg.com/mobile/%E5%9B%BE%E7%89%87.png"
              tClass="image"
            />
          </t-cell>
          <t-cell
            title="标题文字4"
          >
            <t-image
              lazy="{{true}}"
              shape="round"
              slot="image"
              src="https://tdesign.gtimg.com/mobile/%E5%9B%BE%E7%89%87.png"
              tClass="image"
            />
          </t-cell>
          <t-cell
            title="标题文字5"
          >
            <t-image
              lazy="{{true}}"
              shape="round"
              slot="image"
              src="https://tdesign.gtimg.com/mobile/%E5%9B%BE%E7%89%87.png"
              tClass="image"
            />
          </t-cell>
        </t-cell-group>
      </wx-scroll-view>
    </wx-view>
  </wx-view>
</wx-switch>
`;
