// Jest Snapshot v1, https://goo.gl/fbAQLP

exports[`grid :base 1`] = `
<main>
  <t-grid
    id="grid"
  >
    <wx-view
      class="t-grid t-grid--default t-class"
      style=""
    >
      <wx-view
        class="t-grid__content"
        style="margin-left:-4rpx; margin-top:-4rpx"
      >
        <t-grid-item
          id="a"
          bind:click="handleClick"
        >
          <wx-view
            ariaLabelledby="t-id-0"
            ariaRole="button"
            class="t-grid-item t-class"
            hoverClass=""
            hoverStayTime="{{200}}"
            style="width:25%"
            bind:tap="onClick"
          >
            <wx-view
              class="t-grid-item__wrapper t-grid-item__wrapper--vertical"
              style="padding-left:4rpx;padding-top:4rpx"
            >
              <wx-view
                class="t-grid-item__content t-grid-item__content--center t-grid-item__content--vertical t-class-content"
                style=""
              >
                <wx-view
                  class="t-grid-item__words t-grid-item__words--vertical"
                  id="t-id-0"
                />
              </wx-view>
            </wx-view>
          </wx-view>
        </t-grid-item>
        <t-grid-item>
          <wx-view
            ariaLabelledby="t-id-1"
            ariaRole="button"
            class="t-grid-item t-class"
            hoverClass=""
            hoverStayTime="{{200}}"
            style="width:25%"
            bind:tap="onClick"
          >
            <wx-view
              class="t-grid-item__wrapper t-grid-item__wrapper--vertical"
              style="padding-left:4rpx;padding-top:4rpx"
            >
              <wx-view
                class="t-grid-item__content t-grid-item__content--center t-grid-item__content--vertical t-class-content"
                style=""
              >
                <wx-view
                  class="t-grid-item__words t-grid-item__words--vertical"
                  id="t-id-1"
                />
              </wx-view>
            </wx-view>
          </wx-view>
        </t-grid-item>
      </wx-view>
    </wx-view>
  </t-grid>
</main>
`;
