// Jest Snapshot v1, https://goo.gl/fbAQLP

exports[`Footer :base 1`] = `
<main>
  <wx-view
    class="t-footer class t-class"
    style=""
  >
    <wx-view
      class="t-footer__text"
    >
      
    </wx-view>
  </wx-view>
</main>
`;
