// Jest Snapshot v1, https://goo.gl/fbAQLP

exports[`Switch Switch base demo works fine 1`] = `
<base>
  <t-cell
    title="默认"
  >
    <t-switch
      defaultValue="{{true}}"
      slot="note"
    />
  </t-cell>
</base>
`;

exports[`Switch Switch status demo works fine 1`] = `
<status>
  <wx-view
    class="demo-desc"
  >
    加载状态
  </wx-view>
  <wx-view
    class="group"
  >
    <t-cell
      title="加载状态"
    >
      <t-switch
        defaultValue="{{true}}"
        loading="{{true}}"
        slot="note"
      />
    </t-cell>
    <t-cell
      title="加载状态"
    >
      <t-switch
        defaultValue="{{false}}"
        loading="{{true}}"
        slot="note"
      />
    </t-cell>
  </wx-view>
  <wx-view
    class="demo-desc"
  >
    禁用状态
  </wx-view>
  <wx-view
    class="group"
  >
    <t-cell
      title="禁用状态"
    >
      <t-switch
        disabled="{{true}}"
        slot="note"
      />
    </t-cell>
    <t-cell
      bordered="{{false}}"
      title="禁用状态"
    >
      <t-switch
        defaultValue="{{true}}"
        disabled="{{true}}"
        slot="note"
      />
    </t-cell>
  </wx-view>
</status>
`;
