// Jest Snapshot v1, https://goo.gl/fbAQLP

exports[`PullDownRefresh PullDownRefresh base demo works fine 1`] = `
<base>
  <t-pull-down-refresh
    loadingProps="{{
      Object {
        "size": "50rpx",
      }
    }}"
    loadingTexts="{{
      Array [
        "下拉刷新",
        "松手刷新",
        "正在刷新",
        "刷新完成",
      ]
    }}"
    value="{{true}}"
    bind:refresh="onRefresh"
    bind:scroll="onScroll"
  >
    <wx-view
      class="demo"
    >
      <wx-view
        class="demo-title"
      >
        PullDownRefresh 下拉刷新
      </wx-view>
      <wx-view
        class="demo-desc"
      >
        用于快速刷新页面信息，刷新可以是整页刷新也可以是页面的局部刷新。
      </wx-view>
      <wx-view
        class="pulldown-reflesh__content"
      >
        <t-skeleton
          loading="{{true}}"
          rowCol="{{
            Array [
              Object {
                "borderRadius": "24rpx",
                "height": "342rpx",
                "width": "100%",
              },
            ]
          }}"
        />
        <wx-view
          class="row"
        >
          <t-skeleton
            loading="{{true}}"
            rowCol="{{
              Array [
                Array [
                  Object {
                    "width": "327rpx",
                  },
                ],
                Array [
                  Object {
                    "width": "200rpx",
                  },
                ],
                Array [
                  Object {
                    "borderRadius": "24rpx",
                    "size": "327rpx",
                  },
                ],
              ]
            }}"
          />
          <t-skeleton
            loading="{{true}}"
            rowCol="{{
              Array [
                Array [
                  Object {
                    "width": "327rpx",
                  },
                ],
                Array [
                  Object {
                    "width": "200rpx",
                  },
                ],
                Array [
                  Object {
                    "borderRadius": "24rpx",
                    "size": "327rpx",
                  },
                ],
              ]
            }}"
          />
        </wx-view>
        <wx-view
          class="row"
        >
          <t-skeleton
            loading="{{true}}"
            rowCol="{{
              Array [
                Array [
                  Object {
                    "width": "327rpx",
                  },
                ],
                Array [
                  Object {
                    "width": "200rpx",
                  },
                ],
                Array [
                  Object {
                    "borderRadius": "24rpx",
                    "size": "327rpx",
                  },
                ],
              ]
            }}"
          />
          <t-skeleton
            loading="{{true}}"
            rowCol="{{
              Array [
                Array [
                  Object {
                    "width": "327rpx",
                  },
                ],
                Array [
                  Object {
                    "width": "200rpx",
                  },
                ],
                Array [
                  Object {
                    "borderRadius": "24rpx",
                    "size": "327rpx",
                  },
                ],
              ]
            }}"
          />
        </wx-view>
        <wx-view
          class="row"
        >
          <t-skeleton
            loading="{{true}}"
            rowCol="{{
              Array [
                Array [
                  Object {
                    "width": "327rpx",
                  },
                ],
                Array [
                  Object {
                    "width": "200rpx",
                  },
                ],
                Array [
                  Object {
                    "borderRadius": "24rpx",
                    "size": "327rpx",
                  },
                ],
              ]
            }}"
          />
          <t-skeleton
            loading="{{true}}"
            rowCol="{{
              Array [
                Array [
                  Object {
                    "width": "327rpx",
                  },
                ],
                Array [
                  Object {
                    "width": "200rpx",
                  },
                ],
                Array [
                  Object {
                    "borderRadius": "24rpx",
                    "size": "327rpx",
                  },
                ],
              ]
            }}"
          />
        </wx-view>
        <wx-view
          class="text"
        >
          拖拽该区域演示 顶部下拉刷新
        </wx-view>
      </wx-view>
      <t-back-top
        scrollTop="{{0}}"
        text="顶部"
        visibilityHeight="{{100}}"
      />
    </wx-view>
  </t-pull-down-refresh>
</base>
`;
