// Jest Snapshot v1, https://goo.gl/fbAQLP

exports[`dialog :base 1`] = `
<main>
  <t-dialog
    id="dialog"
  >
    <t-popup
      class="class"
      tClass="t-dialog__wrapper"
      bind:visible-change="overlayClick"
    >
      <wx-view
        class="t-popup t-popup--center t-dialog-enter t-dialog-enter-active class t-class"
        style="z-index:11500;"
        bind:transitionend="onTransitionEnd"
      >
        <wx-view
          class="t-popup__content t-class-content"
        >
          <wx-view
            class="t-dialog t-class"
            slot="content"
          >
            <wx-view
              class="t-dialog__content t-class-content"
            />
            <wx-view
              class="t-dialog__footer t-dialog__footer--full"
            />
          </wx-view>
          <wx-view
            class="t-popup__close"
            bind:tap="handleClose"
          />
        </wx-view>
      </wx-view>
      <t-overlay
        id="popup-overlay"
        bind:tap="handleOverlayClick"
      >
        <wx-view
          ariaLabel="关闭"
          ariaRole="button"
          class="t-overlay t-fade-enter t-fade-enter-active class"
          style="--td-overlay-transition-duration:300ms; z-index:11000;"
          bind:tap="handleClick"
          catch:touchmove="noop"
          bind:transitionend="onTransitionEnd"
        />
      </t-overlay>
    </t-popup>
  </t-dialog>
</main>
`;
