// Jest Snapshot v1, https://goo.gl/fbAQLP

exports[`message props : style && customStyle 1`] = `
<main>
  <t-message
    id="t-message"
  >
    <t-message-item
      id="t-message"
      bind:close-btn-click="handleClose"
      bind:duration-end="handleDurationEnd"
      bind:link-click="handleLinkClick"
    >
      <wx-view
        animation="{{Array []}}"
        ariaRole="alert"
        class="t-message class t-class t-message--warning "
        id="t-message"
        style="z-index:15000;top:20px;left:32rpx;right:32rpx; color: red; font-size: 9px;"
      >
        <wx-view
          class="t-message__icon--left"
        >
          <t-icon
            tClass="t-class-icon"
            bind:click=""
          >
            <wx-view
              ariaHidden="{{true}}"
              ariaLabel=""
              ariaRole=""
              class="t-icon class t-class"
              style=""
              bind:tap="onTap"
            >
              <wx-label
                class="t-icon-info-circle-filled t-icon-base"
              />
            </wx-view>
          </t-icon>
        </wx-view>
        <wx-view
          class="t-message__text-wrap "
          id="t-message__text-wrap"
          style="text-align: left"
        >
          <wx-view
            animation="{{Array []}}"
            class="t-message__text t-class-content"
            id="t-message__text"
          >
            这是一条带关闭的消息通知
          </wx-view>
        </wx-view>
        <wx-view
          class="t-message__icon--right"
          bind:tap="handleClose"
        >
          <t-icon
            tClass="t-class-close-btn"
            bind:click=""
          >
            <wx-view
              ariaHidden="{{false}}"
              ariaLabel="关闭"
              ariaRole="button"
              class="t-icon class t-class"
              style=""
              bind:tap="onTap"
            >
              <wx-label
                class="t-icon-close t-icon-base"
              />
            </wx-view>
          </t-icon>
        </wx-view>
      </wx-view>
    </t-message-item>
  </t-message>
</main>
`;
