// Jest Snapshot v1, https://goo.gl/fbAQLP

exports[`Slider Slider base demo works fine 1`] = `
<base>
  <wx-view
    class="wrapper"
  >
    <t-slider
      defaultValue="{{23}}"
      step="{{0.1}}"
      bind:change="handleChange"
    />
  </wx-view>
</base>
`;

exports[`Slider Slider capsule demo works fine 1`] = `
<capsule>
  <wx-view
    class="wrapper"
  >
    <t-slider
      defaultValue="{{30}}"
      theme="capsule"
    />
    <t-slider
      defaultValue="{{
        Array [
          40,
          60,
        ]
      }}"
      range="{{true}}"
      theme="capsule"
    />
    <t-slider
      defaultValue="{{
        Array [
          40,
          60,
        ]
      }}"
      label="\${value}"
      range="{{true}}"
      theme="capsule"
    />
    <t-slider
      defaultValue="{{60}}"
      marks="{{
        Object {
          "0": "0",
          "100": "100",
          "20": "20",
          "40": "40",
          "60": "60",
          "80": "80",
        }
      }}"
      step="{{20}}"
      theme="capsule"
    />
    <t-slider
      defaultValue="{{
        Array [
          20,
          80,
        ]
      }}"
      marks="{{
        Object {
          "0": "0",
          "100": "100",
          "20": "20",
          "40": "40",
          "60": "60",
          "80": "80",
        }
      }}"
      range="{{true}}"
      step="{{20}}"
      theme="capsule"
    />
  </wx-view>
</capsule>
`;

exports[`Slider Slider disabled demo works fine 1`] = `
<disabled>
  <t-slider
    disabled="{{true}}"
    value="{{35}}"
  />
  <wx-view
    class="wrapper"
  >
    <t-slider
      disabled="{{true}}"
      label="\${value}"
      range="{{true}}"
      showExtremeValue="{{true}}"
      value="{{
        Array [
          40,
          60,
        ]
      }}"
    />
  </wx-view>
  <wx-view
    class="wrapper"
  >
    <t-slider
      disabled="{{true}}"
      marks="{{
        Object {
          "0": "0",
          "100": "100",
          "20": "20",
          "40": "40",
          "60": "60",
          "80": "80",
        }
      }}"
      range="{{true}}"
      step="{{20}}"
      value="{{
        Array [
          20,
          60,
        ]
      }}"
    />
  </wx-view>
</disabled>
`;

exports[`Slider Slider label demo works fine 1`] = `
<wx-label>
  <wx-view
    class="wrapper"
  >
    <t-slider
      label="\${value}"
      value="{{35}}"
      bind:change="handleChange"
    />
  </wx-view>
  <wx-view
    class="demo-desc"
  >
    带数值双游标滑块
  </wx-view>
  <wx-view
    class="wrapper"
  >
    <t-slider
      defaultValue="{{
        Array [
          40,
          60,
        ]
      }}"
      label="\${value}"
      range="{{true}}"
      showExtremeValue="{{true}}"
    />
  </wx-view>
</wx-label>
`;

exports[`Slider Slider max demo works fine 1`] = `
<max>
  <t-slider
    colors="{{
      Array [
        "#0052D9",
        "#E7E7E7",
      ]
    }}"
    defaultValue="30"
    label="{{true}}"
    max="{{200}}"
    min="{{30}}"
  />
</max>
`;

exports[`Slider Slider range demo works fine 1`] = `
<range>
  <wx-view
    class="wrapper"
  >
    <t-slider
      defaultValue="{{
        Array [
          35,
          65,
        ]
      }}"
      range="{{true}}"
      bind:dragend="onDragend"
      bind:dragstart="onDragstart"
    />
  </wx-view>
</range>
`;

exports[`Slider Slider step demo works fine 1`] = `
<step>
  <wx-view
    class="wrapper"
  >
    <t-slider
      defaultValue="{{60}}"
      marks="{{
        Object {
          "0": "0",
          "100": "100",
          "20": "20",
          "40": "40",
          "60": "60",
          "80": "80",
        }
      }}"
      step="{{20}}"
      bind:change="handleChange"
    />
  </wx-view>
  <wx-view
    class="demo-desc"
  >
    带刻度双游标滑块
  </wx-view>
  <wx-view
    class="wrapper"
  >
    <t-slider
      defaultValue="{{
        Array [
          20,
          60,
        ]
      }}"
      marks="{{
        Object {
          "0": "0",
          "100": "100",
          "20": "20",
          "40": "40",
          "60": "60",
          "80": "80",
        }
      }}"
      range="{{true}}"
      step="{{20}}"
    />
  </wx-view>
</step>
`;

exports[`Slider Slider vertical demo works fine 1`] = `
<vertical>
  <wx-view
    class="demo-desc"
  >
    单游标垂直滑块
  </wx-view>
  <wx-view
    class="wrapper"
  >
    <t-slider
      label="\${singlevalue}"
      value="{{35}}"
      vertical="{{true}}"
      bind:change="handleSingleChange"
    />
  </wx-view>
  <wx-view
    class="demo-desc"
  >
    带刻度的双游标垂直滑块
  </wx-view>
  <wx-view
    class="wrapper"
  >
    <t-slider
      defaultValue="{{
        Array [
          20,
          60,
        ]
      }}"
      marks="{{
        Object {
          "0": "0",
          "100": "100",
          "20": "20",
          "40": "40",
          "60": "60",
          "80": "80",
        }
      }}"
      range="{{true}}"
      step="{{20}}"
      vertical="{{true}}"
    />
  </wx-view>
  <wx-view
    class="demo-desc"
  >
    胶囊型垂直滑块
  </wx-view>
  <wx-view
    class="wrapper"
  >
    <t-slider
      label="\${capsuleValue}"
      theme="capsule"
      value="{{35}}"
      vertical="{{true}}"
      bind:change="handleCapsuleChange"
    />
  </wx-view>
  <wx-view
    class="demo-desc"
  >
    带刻度的胶囊型垂直滑块
  </wx-view>
  <wx-view
    class="wrapper"
  >
    <t-slider
      defaultValue="{{
        Array [
          20,
          80,
        ]
      }}"
      marks="{{
        Object {
          "0": "0",
          "100": "100",
          "20": "20",
          "40": "40",
          "60": "60",
          "80": "80",
        }
      }}"
      range="{{true}}"
      step="{{20}}"
      theme="capsule"
      vertical="{{true}}"
    />
  </wx-view>
</vertical>
`;
